// Jest Snapshot v1, https://goo.gl/fbAQLP

exports[`AddProperty renders correctly 1`] = `
<DocumentFragment>
  <div
    class="add-property"
  >
    <form
      class="add-property-form"
    >
      <label
        for="title"
      >
        <div
          class="form-label"
        >
          Title
        </div>
        <input
          id="title"
          name="title"
          placeholder="e.g., 2 bed cottage"
          required=""
          value=""
        />
      </label>
      <label
        for="city"
      >
        <div
          class="form-label"
        >
          City
        </div>
        <select
          id="city"
          name="city"
        >
          <option
            value="Manchester"
          >
            Manchester
          </option>
          <option
            value="Leeds"
          >
            Leeds
          </option>
          <option
            value="Sheffield"
          >
            Sheffield
          </option>
          <option
            value="Liverpool"
          >
            Liverpool
          </option>
        </select>
      </label>
      <label
        for="type"
      >
        <div
          class="form-label"
        >
          Type
        </div>
        <select
          id="type"
          name="type"
        >
          <option
            value="Flat"
          >
            Flat
          </option>
          <option
            value="Detached"
          >
            Detached
          </option>
          <option
            value="Semi-Detached"
          >
            Semi-Detached
          </option>
          <option
            value="Terraced"
          >
            Terraced
          </option>
          <option
            value="End of Terrace"
          >
            End of Terrace
          </option>
          <option
            value="Cottage"
          >
            Cottage
          </option>
          <option
            value="Bungalow"
          >
            Bungalow
          </option>
        </select>
      </label>
      <label
        for="bathrooms"
      >
        <div
          class="form-label"
        >
          Bathrooms
        </div>
        <select
          id="bathrooms"
          name="bathrooms"
        >
          <option
            value="1"
          >
            1
          </option>
          <option
            value="2"
          >
            2
          </option>
          <option
            value="3"
          >
            3
          </option>
          <option
            value="4+"
          >
            4+
          </option>
        </select>
      </label>
      <label
        for="bedrooms"
      >
        <div
          class="form-label"
        >
          Bedrooms
        </div>
        <select
          id="bedrooms"
          name="bedrooms"
        >
          <option
            value="1"
          >
            1
          </option>
          <option
            value="2"
          >
            2
          </option>
          <option
            value="3"
          >
            3
          </option>
          <option
            value="4+"
          >
            4+
          </option>
        </select>
      </label>
      <label
        for="price"
      >
        <div
          class="form-label"
        >
          Price (Â£)
        </div>
        <input
          id="price"
          min="10000"
          name="price"
          placeholder="e.g., 120000"
          required=""
          type="number"
          value=""
        />
      </label>
      <label
        for="email"
      >
        <div
          class="form-label"
        >
          Email
        </div>
        <input
          id="email"
          name="email"
          placeholder="e.g., johnsmith@gmail.com"
          required=""
          type="email"
          value=""
        />
      </label>
      <button
        type="submit"
      >
        Add
      </button>
    </form>
  </div>
</DocumentFragment>
`;
