// Jest Snapshot v1, https://goo.gl/fbAQLP

exports[`NavBar renders correctly 1`] = `
<DocumentFragment>
  <div
    class="navbar"
  >
    <img
      alt="logo"
      class="navbar-logo"
      src="https://mcrcodes.s3.eu-west-2.amazonaws.com/course/surreal-estate/logo.png"
    />
    <ul
      class="navbar-links"
    >
      <li
        class="navbar-links-item"
      >
        <a
          aria-current="page"
          class="item active"
          href="/"
        >
          View Properties
        </a>
      </li>
      <li
        class="navbar-links-item"
      >
        <a
          class="item"
          href="/add-property"
        >
          Add a Property
        </a>
      </li>
    </ul>
  </div>
</DocumentFragment>
`;
