// Jest Snapshot v1, https://goo.gl/fbAQLP

exports[`PropertyCard renders correctly 1`] = `
<DocumentFragment>
  <div>
    PropertyCard
  </div>
</DocumentFragment>
`;
