// Jest Snapshot v1, https://goo.gl/fbAQLP

exports[`SideBar renders correctly 1`] = `
<DocumentFragment>
  <div
    class="side-bar__links"
  >
    <a
      href="/"
    >
      Show All
    </a>
    <a
      href="/?query={\\"city\\":\\"Manchester\\"}"
    >
      Manchester
    </a>
    <a
      href="/?query={\\"city\\":\\"Leeds\\"}"
    >
      Leeds
    </a>
    <a
      href="/?query={\\"city\\":\\"Sheffield\\"}"
    >
      Sheffield
    </a>
    <a
      href="/?query={\\"city\\":\\"Liverpool\\"}"
    >
      Liverpool
    </a>
    <a
      href="/?sort={\\"price\\":1}"
    >
      Price Ascending
    </a>
    <a
      href="/?sort={\\"price\\":-1}"
    >
      Price Descending
    </a>
  </div>
</DocumentFragment>
`;
